Microchip MPLAB XC8 Compiler V1.34 ()

Linker command line:

--edf=C:\Program Files (x86)\Microchip\xc8\v1.34\dat\en_msgs.txt -cs \
  -h+dist/default/production\MicrochipTest.X.production.sym \
  --cmf=dist/default/production\MicrochipTest.X.production.cmf -z -Q16F527 \
  -oC:\Users\MACROF~1\AppData\Local\Temp\s4ho.6 \
  -Mdist/default/production/MicrochipTest.X.production.map -E1 -ver=XC8 \
  -ASTACK=030h-03fh -pstack=STACK -ACODE=00h-01FFh,0200h-03FEh \
  -ASTRCODE=00h-03FEh -ASTRING=00h-0FFh,0200h-02FFh \
  -AENTRY=00h-0FFh-01FFh,0200h-02FFh-03FEh -ACOMMON=0Ch-0Fh \
  -ABANK0=010h-01Fh -ABANK1=030h-03Fh -ABANK2=050h-05Fh -ABANK3=070h-07Fh \
  -ARAM=010h-01Fh,030h-03Fh,050h-05Fh,070h-07Fh \
  -AABS1=0Ch-01Fh,030h-03Fh,050h-05Fh,070h-07Fh -ASFR0=00h-0Fh \
  -ASFR1=020h-02Fh -ASFR2=040h-04Fh -ASFR3=060h-06Fh \
  -preset_vec=03ffh,reset_wrap=0h,intentry=04h,init,end_init,cinit,clrtext \
  -ppowerup=CODE -pfunctab=ENTRY -ACONFIG=0FFFh-0FFFh -pconfig=CONFIG \
  -DCONFIG=2 -AIDLOC=0440h-0443h -pidloc=IDLOC -DIDLOC=2 -pstrings=-STRING \
  -DCODE=2 -DSTRCODE=2 -DSTRING=2 -DCONST=2 -DENTRY=2 -k \
  C:\Users\MACROF~1\AppData\Local\Temp\s4ho.obj \
  dist/default/production\MicrochipTest.X.production.obj 

Object code version is 3.11

Machine type is 16F527



                Name                               Link     Load   Length Selector   Space Scale
C:\Users\MACROF~1\AppData\Local\Temp\s4ho.obj
                end_init                             3D       3D        2        8       0
                init                                 3B       3B        2        8       0
                reset_wrap                            0        0        2        0       0
                reset_vec                           3FF      3FF        1      7FE       0
                config                              FFF      FFF        1     1FFE       0
dist/default/production\MicrochipTest.X.production.obj
                intentry                              4        4       37        8       0
                cinit                                3F       3F        A        8       0
                maintext                             4A       4A       1E       94       0
                cstackBANK0                          13       13        3       10       1
                dataBANK0                            16       16        1       10       1
                bssBANK0                             10       10        3       10       1
                idataBANK0                           49       49        1        8       0

TOTAL           Name                               Link     Load   Length     Space
        CLASS   STACK          

        CLASS   CODE           
                reset_vec                           3FF      3FF        1         0
                maintext                             4A       4A       1E         0

        CLASS   STRCODE        

        CLASS   STRING         

        CLASS   ENTRY          
                intentry                              4        4       37         0
                end_init                             3D       3D        2         0
                cinit                                3F       3F        A         0
                init                                 3B       3B        2         0
                reset_wrap                            0        0        2         0
                idataBANK0                           49       49        1         0

        CLASS   COMMON         

        CLASS   BANK0          
                cstackBANK0                          13       13        3         1
                dataBANK0                            16       16        1         1
                bssBANK0                             10       10        3         1

        CLASS   BANK1          

        CLASS   BANK2          

        CLASS   BANK3          

        CLASS   RAM            

        CLASS   ABS1           
                abs_s1                                C        C        4         1

        CLASS   SFR0           

        CLASS   SFR1           

        CLASS   SFR2           

        CLASS   SFR3           

        CLASS   CONFIG         
                config                              FFF      FFF        1         0

        CLASS   IDLOC          

        CLASS   CONST          



SEGMENTS        Name                           Load    Length   Top    Selector   Space  Class     Delta

                reset_wrap                     000000  000002  000002         0       0  ENTRY       2
                intentry                       000004  000046  00004A         8       0  ENTRY       2
                bssBANK0                       000010  000007  000017        10       1  BANK0       1
                maintext                       00004A  00001E  000068        94       0  CODE        2
                reset_vec                      0003FF  000001  000400       7FE       0  CODE        2
                config                         000FFF  000001  001000      1FFE       0  CONFIG      2


UNUSED ADDRESS RANGES

        Name                Unused          Largest block    Delta
        BANK0            0017-001F              9           1
        BANK1            0030-003F             10           1
        BANK2            0050-005F             10           1
        BANK3            0070-007F             10           1
        CODE             0002-0003              2           2
                         0068-03FE            198
        ENTRY            0002-0003              2           2
                         0068-00FF+0100         98
                         0200-02FF+00FF        100
        IDLOC            0440-0443              4           2
        RAM              0017-001F              9           1
                         0030-003F             10
                         0050-005F             10
                         0070-007F             10
        SFR0             0000-000B              C           1
        SFR1             0020-002F             10           1
        SFR2             0040-004F             10           1
        SFR3             0060-006F             10           1
        STACK            0030-003F             10           1
        STRCODE          0002-0003              2           2
                         0068-03FE            397
        STRING           0002-0003              2           2
                         0068-00FF             98
                         0200-02FF            100

                                  Symbol Table

_ANSEL                   (abs)       002A
_CM1CON0                 (abs)       0027
_CM2CON0                 (abs)       0028
_GIE                     (abs)       0058
_HOUR                    dataBANK0   0016
_INTCNT                  bssBANK0    0010
_MIN                     bssBANK0    0012
_OPTION                  (abs)       0000
_PORTB                   (abs)       0007
_PORTC                   (abs)       0008
_RC6                     (abs)       0046
_T0IE                    (abs)       032D
_T0IF                    (abs)       005D
_TRISB                   (abs)       0007
_TRISC                   (abs)       0008
__CFG_BOREN$OFF          (abs)       0000
__CFG_CP$OFF             (abs)       0000
__CFG_CPSW$OFF           (abs)       0000
__CFG_DRTEN$OFF          (abs)       0000
__CFG_FOSC$LP            (abs)       0000
__CFG_IOSCFS$8MHz        (abs)       0000
__CFG_MCLRE$ON           (abs)       0000
__CFG_WDTE$OFF           (abs)       0000
__Habs1                  abs1        0000
__Hbank0                 bank0       0000
__Hbank1                 bank1       0000
__Hbank2                 bank2       0000
__Hbank3                 bank3       0000
__HbssBANK0              bssBANK0    0000
__Hcinit                 cinit       0049
__Hclrtext               clrtext     0049
__Hcode                  code        0000
__Hcommon                common      0000
__Hconfig                config      1000
__HcstackBANK0           cstackBANK0 0000
__HdataBANK0             dataBANK0   0000
__Hend_init              end_init    003F
__Hfunctab               functab     0000
__HidataBANK0            idataBANK0  0000
__Hidloc                 idloc       0000
__Hinit                  init        003D
__Hintentry              intentry    003B
__Hjmp_tab               jmp_tab     0000
__Hmaintext              maintext    0000
__Hpowerup               powerup     0000
__Hram                   ram         0000
__Hreset_vec             reset_vec   0400
__Hreset_wrap            reset_wrap  0002
__Hsfr0                  sfr0        0000
__Hsfr1                  sfr1        0000
__Hsfr2                  sfr2        0000
__Hsfr3                  sfr3        0000
__Hspace_0               (abs)       1000
__Hspace_1               (abs)       0017
__Hspace_2               (abs)       0000
__Hstack                 stack       0000
__Hstrings               strings     0000
__Htext                  text        0000
__Labs1                  abs1        0000
__Lbank0                 bank0       0000
__Lbank1                 bank1       0000
__Lbank2                 bank2       0000
__Lbank3                 bank3       0000
__LbssBANK0              bssBANK0    0000
__Lcinit                 cinit       003F
__Lclrtext               clrtext     0049
__Lcode                  code        0000
__Lcommon                common      0000
__Lconfig                config      0FFF
__LcstackBANK0           cstackBANK0 0000
__LdataBANK0             dataBANK0   0000
__Lend_init              end_init    003D
__Lfunctab               functab     0000
__LidataBANK0            idataBANK0  0000
__Lidloc                 idloc       0000
__Linit                  init        003B
__Lintentry              intentry    0004
__Ljmp_tab               jmp_tab     0000
__Lmaintext              maintext    0000
__Lpowerup               powerup     0000
__Lram                   ram         0000
__Lreset_vec             reset_vec   03FF
__Lreset_wrap            reset_wrap  0000
__Lsfr0                  sfr0        0000
__Lsfr1                  sfr1        0000
__Lsfr2                  sfr2        0000
__Lsfr3                  sfr3        0000
__Lspace_0               (abs)       0000
__Lspace_1               (abs)       0000
__Lspace_2               (abs)       0000
__Lstack                 stack       0000
__Lstrings               strings     0000
__Ltext                  text        0000
__S0                     (abs)       1000
__S1                     (abs)       0017
__S2                     (abs)       0000
___int_sp                stack       0000
___latbits               (abs)       0001
___sp                    stack       0000
__end_of__initialization cinit       0046
__end_of_isr             intentry    003B
__end_of_main            maintext    0068
__initialization         cinit       003F
__pbssBANK0              bssBANK0    0010
__pcstackBANK0           cstackBANK0 0013
__pdataBANK0             dataBANK0   0016
__pidataBANK0            idataBANK0  0049
__pintentry              intentry    0004
__pmaintext              maintext    004A
__size_of_isr            (abs)       0000
__size_of_main           (abs)       0000
_isr                     intentry    0004
_main                    maintext    004A
btemp                    (abs)       000C
end_of_initialization    cinit       0046
interrupt_function       intentry    0004
intlevel0                intentry    0004
intlevel1                intentry    0004
intlevel2                intentry    0004
intlevel3                intentry    0004
intlevel4                intentry    0004
intlevel5                intentry    0004
ltemp                    (abs)       000C
ltemp0                   (abs)       000C
ltemp1                   (abs)       0010
ltemp2                   (abs)       0014
ltemp3                   (abs)       000E
prestart                 init        003B
reset_vec                reset_vec   03FF
stackhi                  (abs)       0000
stacklo                  (abs)       0000
start                    init        003D
start_initialization     cinit       003F
ttemp                    (abs)       000C
ttemp0                   (abs)       000C
ttemp1                   (abs)       000F
ttemp2                   (abs)       0012
ttemp3                   (abs)       0015
ttemp4                   (abs)       000D
wtemp                    (abs)       000C
wtemp0                   (abs)       000C
wtemp1                   (abs)       000E
wtemp2                   (abs)       0010
wtemp3                   (abs)       0012
wtemp4                   (abs)       0014
wtemp5                   (abs)       0016
wtemp6                   (abs)       000D


FUNCTION INFORMATION:

 *************** function _main *****************
 Defined at:
		line 50 in file "newmain1.c"
 Parameters:    Size  Location     Type
		None
 Auto vars:     Size  Location     Type
		None
 Return value:  Size  Location     Type
		None               void
 Registers used:
		wreg, fsr0l, fsr0h, status,2, status,0
 Tracked objects:
		On entry : 
		On exit  : 
		Unchanged: 
 Data sizes:      BANK0   BANK1   BANK3   BANK2  COMMON
      Params:         0       0       0       0       0
      Locals:         0       0       0       0       0
      Temps:          2       0       0       0       0
      Totals:         2       0       0       0       0
Total ram usage:        2 bytes
 Hardware stack levels required when called:    1
 This function calls:
		Nothing
 This function is called by:
		Startup code after reset
 This function uses a non-reentrant model


 *************** function _isr *****************
 Defined at:
		line 89 in file "newmain1.c"
 Parameters:    Size  Location     Type
		None
 Auto vars:     Size  Location     Type
		None
 Return value:  Size  Location     Type
		None               void
 Registers used:
		wreg, fsr0l, fsr0h, status,2, status,0, btemp+0, btemp+1
 Tracked objects:
		On entry : 
		On exit  : 
		Unchanged: 
 Data sizes:      BANK0   BANK1   BANK3   BANK2  COMMON
      Params:         0       0       0       0       0
      Locals:         0       0       0       0       0
      Temps:          1       0       0       0       0
      Totals:         1       0       0       0       0
Total ram usage:        1 bytes
 Hardware stack levels used:    1
 This function calls:
		Nothing
 This function is called by:
		Interrupt level 1
 This function uses a non-reentrant model



MODULE INFORMATION

Module		Function		Class		Link	Load	Size
shared
		__initializatio		ENTRY          	003F	0000	8

shared estimated size: 8

newmain1.c
		_main          		CODE           	004A	0000	31
		_isr           		ENTRY          	0004	0000	56

newmain1.c estimated size: 87

